// Jest Snapshot v1, https://goo.gl/fbAQLP

exports[`renders correctly 1`] = `
Array [
  <p
    className="robot"
  >
    
  </p>,
  <input
    onChange={[Function]}
    value=""
  />,
  <input
    onClick={[Function]}
    type="submit"
  />,
]
`;
