// Jest Snapshot v1, https://goo.gl/fbAQLP

exports[`init props 1`] = `
<p
  className="robot"
>
  correct props sharing
</p>
`;
